---
source: crates/agent-tui/tests/render_snapshots.rs
expression: "harness::frame(\"streaming_deltas\", &s, W, H)"
---
› Résume l'architecture

● Le cœur est headless : aucun ANSI n'en sort.















• Working (4s • esc to interrupt)

────────────────────────────────────────────────────────────────────────────────
› Ask Pyxis to do anything
────────────────────────────────────────────────────────────────────────────────
  gpt-5 · pyxis
