---
source: crates/agent-tui/tests/render_snapshots.rs
expression: "harness::frame(\"code_mode_cell_states\", &s, W, H)"
---
› Compte les crates du workspace



















────────────────────────────────────────────────────────────────────────────────
› Ask Pyxis to do anything
────────────────────────────────────────────────────────────────────────────────
  gpt-5 · pyxis
