---
source: crates/agent-tui/tests/render_snapshots.rs
expression: "harness::frame(\"welcome_narrow\", &s, NARROW, H)"
---

 ╭───────────────────────────────────╮
 │                                   │
 │  PYXIS                            │
 │  your terminal coding agent       │
 │                                   │
 │  ◆ gpt-5  ·  pyxis                │
 │    Ask for approval               │
 │  ○ not connected                  │
 │    restart pyxis to reconnect     │
 │                                   │
 │  /help  ·  /models  ·  /effort    │
 │  /permissions  ·  /goal           │
 │  ? for shortcuts   ·   ↑ history  │
 │                                   │
 ╰───────────────────────────────────╯




────────────────────────────────────────
› Ask Pyxis to do anything
────────────────────────────────────────
  gpt-5 · pyxis
