---
source: crates/agent-tui/tests/render_snapshots.rs
expression: "harness::frame(\"interrupted_turn\", &s, W, H)"
---
› Lance la suite complète

● Run(cargo test --workspace)
  ⎿ Error: interrupted by user

  · interrupted














────────────────────────────────────────────────────────────────────────────────
› Ask Pyxis to do anything
────────────────────────────────────────────────────────────────────────────────
  gpt-5 · pyxis
