---
source: crates/agent-tui/tests/render_snapshots.rs
expression: "harness::chat_frame(\"parity_surface_pending_input\", &s, &chat, W, H)"
---







› Récapitule


• context compacted

› gpt-5.6-sol          code mode required
  gpt-5.6-terra        code mode required
  gpt-5.6-luna         code mode required
  gpt-5.5              [openai-codex]
  gpt-5.4              [openai-codex]
  gpt-5.4-mini         [openai-codex]
  gpt-5.3-codex-spark  [openai-codex]
  ↑↓ navigate · enter run · tab complete · esc cancel
────────────────────────────────────────────────────────────────────────────────
› /models
────────────────────────────────────────────────────────────────────────────────
  gpt-5 · pyxis
