---
source: crates/agent-tui/tests/render_snapshots.rs
expression: "harness::frame(\"composer_multiline\", &s, W, H)"
---
› Explique la boucle d'agent et montre le code

● La boucle est un Stream d'AgentEvent.


  Elle rend la main à chaque frontière.





────────────────────────────────────────────────────────────────────────────────
› ligne 1 du prompt
  ligne 2 du prompt
  ligne 3 du prompt
  ligne 4 du prompt
  ligne 5 du prompt
  ligne 6 du prompt
  ligne 7 du prompt
  ligne 8 du prompt
  ligne 9 du prompt
  ligne 10 du prompt
────────────────────────────────────────────────────────────────────────────────
  gpt-5 · pyxis
