---
source: crates/agent-tui/tests/render_snapshots.rs
expression: "harness::frame(\"error_block\", &s, W, H)"
---
› Continue

  ✗ session: io: read-only file system

















────────────────────────────────────────────────────────────────────────────────
› Ask Pyxis to do anything
────────────────────────────────────────────────────────────────────────────────
  gpt-5 · pyxis
