---
source: crates/agent-tui/tests/render_snapshots.rs
expression: "harness::frame(\"resumed_session\", &s, W, H)"
---
› Où en est la réconciliation du transcript ?

● Les appels en vol reçoivent un résultat synthétique.

› Et à la reprise ?















────────────────────────────────────────────────────────────────────────────────
› Ask Pyxis to do anything
────────────────────────────────────────────────────────────────────────────────
  gpt-5 · pyxis
