---
source: crates/agent-tui/tests/render_snapshots.rs
expression: "harness::frame(\"error_block\", &s, W, H)"
---
› Continue

  ✗ session: io: read-only file system

















────────────────────────────────────────────────────────────────────────────────
›
────────────────────────────────────────────────────────────────────────────────
gpt-5 · pyxis · Ask for approval           ctrl+j newline · ctrl+c twice to quit
